
  dist/server.js  1.5mb ⚠️

⚡ Done in 226ms
npm notice
npm notice New major version of npm available! 10.9.7 -> 11.13.0
npm notice Changelog: https://github.com/npm/cli/releases/tag/v11.13.0
npm notice To update run: npm install -g npm@11.13.0
npm notice
